// Jest Snapshot v1, https://goo.gl/fbAQLP

exports[`SearchResult component renders correctly 1`] = `
<div
  className="search-result-window"
/>
`;
